INFO     planner time limit: None
INFO     planner memory limit: None

INFO     Running translator.
INFO     translator stdin: None
INFO     translator time limit: None
INFO     translator memory limit: None
INFO     translator command line string: /usr/bin/python3 /home/jesusmuve/Escritorio/TSI-Practicas/Practica_3/fast-downward-24.06.1/builds/release/bin/translate/translate.py Ejercicios/dominio3a.pddl Ejercicios/problema3a.pddl --sas-file output.sas
Parsing...
Parsing: [0.000s CPU, 0.003s wall-clock]
Normalizing task... [0.000s CPU, 0.000s wall-clock]
Instantiating...
Generating Datalog program... [0.000s CPU, 0.001s wall-clock]
Normalizing Datalog program...
Normalizing Datalog program: [0.010s CPU, 0.002s wall-clock]
Preparing model... [0.000s CPU, 0.001s wall-clock]
Generated 119 rules.
Computing model... [0.020s CPU, 0.018s wall-clock]
1940 relevant atoms
1881 auxiliary atoms
3821 final queue length
5526 total queue pushes
Completing instantiation... [0.020s CPU, 0.031s wall-clock]
Instantiating: [0.060s CPU, 0.055s wall-clock]
Computing fact groups...
Finding invariants...
27 initial candidates
Finding invariants: [0.010s CPU, 0.003s wall-clock]
Checking invariant weight... [0.000s CPU, 0.001s wall-clock]
Instantiating groups... [0.000s CPU, 0.001s wall-clock]
Collecting mutex groups... [0.000s CPU, 0.000s wall-clock]
Choosing groups...
121 uncovered facts
Choosing groups: [0.000s CPU, 0.001s wall-clock]
Building translation key... [0.000s CPU, 0.001s wall-clock]
Computing fact groups: [0.010s CPU, 0.008s wall-clock]
Building STRIPS to SAS dictionary... [0.000s CPU, 0.000s wall-clock]
Building dictionary for full mutex groups... [0.000s CPU, 0.000s wall-clock]
Building mutex information...
Building mutex information: [0.000s CPU, 0.000s wall-clock]
Translating task...
Processing axioms...
Simplifying axioms... [0.000s CPU, 0.000s wall-clock]
Translator axioms removed by simplifying: 0
Processing axioms: [0.010s CPU, 0.004s wall-clock]
Translating task: [0.050s CPU, 0.047s wall-clock]
528 effect conditions simplified
0 implied preconditions added
Detecting unreachable propositions...
6 operators removed
0 axioms removed
111 propositions removed
Detecting unreachable propositions: [0.020s CPU, 0.021s wall-clock]
Reordering and filtering variables...
61 of 79 variables necessary.
0 of 18 mutex groups necessary.
1404 of 1404 operators necessary.
0 of 0 axiom rules necessary.
Reordering and filtering variables: [0.010s CPU, 0.006s wall-clock]
Translator variables: 61
Translator derived variables: 0
Translator facts: 290
Translator goal facts: 1
Translator mutex groups: 0
Translator total mutex groups size: 0
Translator operators: 1404
Translator axioms: 0
Translator task size: 8696
Translator peak memory: 45296 KB
Writing output... [0.010s CPU, 0.014s wall-clock]
Done! [0.160s CPU, 0.158s wall-clock]
translate exit code: 0

INFO     Running search (release).
INFO     search stdin: output.sas
INFO     search time limit: None
INFO     search memory limit: None
INFO     search command line string: /home/jesusmuve/Escritorio/TSI-Practicas/Practica_3/fast-downward-24.06.1/builds/release/bin/downward --search 'astar(lmcut())' --internal-plan-file Ejercicios/output_3a.sas < output.sas
[t=0.000104s, 10804 KB] reading input...
[t=0.010646s, 11192 KB] done reading input!
[t=0.014466s, 11892 KB] Initializing landmark cut heuristic...
[t=0.014585s, 11892 KB] Building successor generator...done!
[t=0.015723s, 11892 KB] peak memory difference for successor generator creation: 0 KB
[t=0.015771s, 11892 KB] time for successor generation creation: 0.000951s
[t=0.015822s, 11892 KB] Variables: 61
[t=0.015866s, 11892 KB] FactPairs: 290
[t=0.015950s, 11892 KB] Bytes per state: 16
[t=0.016020s, 11892 KB] Conducting best first search with reopening closed nodes, (real) bound = 2147483647
[t=0.016509s, 11892 KB] New best heuristic value for lmcut: 14
[t=0.016539s, 11892 KB] g=0, 1 evaluated, 0 expanded
[t=0.016563s, 11892 KB] f = 14, 1 evaluated, 0 expanded
[t=0.016609s, 11892 KB] Initial heuristic value for lmcut: 14
[t=0.016633s, 11892 KB] pruning method: none
[t=0.019378s, 11892 KB] New best heuristic value for lmcut: 13
[t=0.019405s, 11892 KB] g=1, 9 evaluated, 1 expanded
[t=0.028768s, 11892 KB] New best heuristic value for lmcut: 12
[t=0.028819s, 11892 KB] g=2, 36 evaluated, 2 expanded
[t=0.035397s, 11892 KB] New best heuristic value for lmcut: 11
[t=0.035428s, 11892 KB] g=3, 63 evaluated, 3 expanded
[t=0.037741s, 11892 KB] New best heuristic value for lmcut: 10
[t=0.037770s, 11892 KB] g=4, 84 evaluated, 4 expanded
[t=0.040642s, 11892 KB] New best heuristic value for lmcut: 9
[t=0.040680s, 11892 KB] g=5, 112 evaluated, 5 expanded
[t=0.043257s, 11892 KB] New best heuristic value for lmcut: 8
[t=0.043315s, 11892 KB] g=6, 136 evaluated, 6 expanded
[t=0.044365s, 11892 KB] New best heuristic value for lmcut: 7
[t=0.044440s, 11892 KB] g=7, 146 evaluated, 7 expanded
[t=0.046602s, 11892 KB] New best heuristic value for lmcut: 6
[t=0.046640s, 11892 KB] g=8, 163 evaluated, 8 expanded
[t=0.047782s, 11892 KB] New best heuristic value for lmcut: 5
[t=0.047805s, 11892 KB] g=9, 181 evaluated, 9 expanded
[t=0.048662s, 11892 KB] New best heuristic value for lmcut: 4
[t=0.048684s, 11892 KB] g=10, 198 evaluated, 10 expanded
[t=0.049647s, 11892 KB] New best heuristic value for lmcut: 3
[t=0.049673s, 11892 KB] g=11, 216 evaluated, 11 expanded
[t=0.050485s, 11892 KB] New best heuristic value for lmcut: 2
[t=0.050509s, 11892 KB] g=12, 234 evaluated, 12 expanded
[t=0.051271s, 11892 KB] New best heuristic value for lmcut: 1
[t=0.051296s, 11892 KB] g=13, 252 evaluated, 13 expanded
[t=0.052121s, 11892 KB] New best heuristic value for lmcut: 0
[t=0.052145s, 11892 KB] g=14, 277 evaluated, 14 expanded
[t=0.052293s, 11892 KB] Solution found!
[t=0.052322s, 11892 KB] Actual search time: 0.035641s
viajar hobbit4 bree rivendell (1)
formarcomunidad hobbit4 mago1 rivendell (1)
recogerobjeto hobbit4 rivendell anillo (1)
viajarcomunidad hobbit4 mago1 rivendell moria (1)
extraerrecurso enano1 moria mithril (1)
materializarchaleco mago1 moria (1)
recogerobjeto hobbit4 moria chalecomithril (1)
viajarcomunidad hobbit4 mago1 moria lothlorien (1)
recogerobjeto hobbit4 lothlorien espada (1)
viajarcomunidad hobbit4 mago1 lothlorien amonhen (1)
viajarcomunidad hobbit4 mago1 amonhen deadmarshes (1)
viajarcomunidad hobbit4 mago1 deadmarshes minasmorgul (1)
viajarcomunidad hobbit4 mago1 minasmorgul orodruin (1)
destruiranillo hobbit4 orodruin (1)
[t=0.052346s, 11892 KB] Plan length: 14 step(s).
[t=0.052346s, 11892 KB] Plan cost: 14
[t=0.052346s, 11892 KB] Expanded 15 state(s).
[t=0.052346s, 11892 KB] Reopened 0 state(s).
[t=0.052346s, 11892 KB] Evaluated 279 state(s).
[t=0.052346s, 11892 KB] Evaluations: 279
[t=0.052346s, 11892 KB] Generated 326 state(s).
[t=0.052346s, 11892 KB] Dead ends: 0 state(s).
[t=0.052346s, 11892 KB] Expanded until last jump: 0 state(s).
[t=0.052346s, 11892 KB] Reopened until last jump: 0 state(s).
[t=0.052346s, 11892 KB] Evaluated until last jump: 1 state(s).
[t=0.052346s, 11892 KB] Generated until last jump: 0 state(s).
[t=0.052346s, 11892 KB] Number of registered states: 279
[t=0.052346s, 11892 KB] Int hash set load factor: 279/512 = 0.544922
[t=0.052346s, 11892 KB] Int hash set resizes: 9
[t=0.052346s, 11892 KB] Search time: 0.036327s
[t=0.052346s, 11892 KB] Total time: 0.052346s
Solution found.
Peak memory: 11892 KB
Remove intermediate file output.sas
search exit code: 0

INFO     Planner time: 0.34s
