INFO     planner time limit: None
INFO     planner memory limit: None

INFO     Running translator.
INFO     translator stdin: None
INFO     translator time limit: None
INFO     translator memory limit: None
INFO     translator command line string: /usr/bin/python3 /home/jesusmuve/Escritorio/TSI-Practicas/Practica_3/fast-downward-24.06.1/builds/release/bin/translate/translate.py Ejercicios/dominio4.pddl Ejercicios/problema4.pddl --sas-file output.sas
Parsing...
Parsing: [0.010s CPU, 0.004s wall-clock]
Normalizing task... [0.000s CPU, 0.001s wall-clock]
Instantiating...
Generating Datalog program... [0.000s CPU, 0.001s wall-clock]
Normalizing Datalog program...
Normalizing Datalog program: [0.000s CPU, 0.003s wall-clock]
Preparing model... [0.000s CPU, 0.002s wall-clock]
Generated 193 rules.
Computing model... [0.040s CPU, 0.027s wall-clock]
3046 relevant atoms
5413 auxiliary atoms
8459 final queue length
12820 total queue pushes
Completing instantiation... [0.040s CPU, 0.040s wall-clock]
Instantiating: [0.080s CPU, 0.074s wall-clock]
Computing fact groups...
Finding invariants...
35 initial candidates
Finding invariants: [0.000s CPU, 0.002s wall-clock]
Checking invariant weight... [0.000s CPU, 0.000s wall-clock]
Instantiating groups... [0.000s CPU, 0.001s wall-clock]
Collecting mutex groups... [0.000s CPU, 0.000s wall-clock]
Choosing groups...
224 uncovered facts
Choosing groups: [0.000s CPU, 0.001s wall-clock]
Building translation key... [0.000s CPU, 0.001s wall-clock]
Computing fact groups: [0.000s CPU, 0.006s wall-clock]
Building STRIPS to SAS dictionary... [0.000s CPU, 0.000s wall-clock]
Building dictionary for full mutex groups... [0.000s CPU, 0.000s wall-clock]
Building mutex information...
Building mutex information: [0.000s CPU, 0.000s wall-clock]
Translating task...
Processing axioms...
Simplifying axioms... [0.000s CPU, 0.000s wall-clock]
Translator axioms removed by simplifying: 12
Processing axioms: [0.010s CPU, 0.003s wall-clock]
Translating task: [0.050s CPU, 0.048s wall-clock]
806 effect conditions simplified
0 implied preconditions added
Detecting unreachable propositions...
6 operators removed
0 axioms removed
133 propositions removed
Detecting unreachable propositions: [0.020s CPU, 0.018s wall-clock]
Reordering and filtering variables...
117 of 180 variables necessary.
0 of 30 mutex groups necessary.
2017 of 2068 operators necessary.
40 of 40 axiom rules necessary.
Reordering and filtering variables: [0.010s CPU, 0.007s wall-clock]
Translator variables: 117
Translator derived variables: 6
Translator facts: 510
Translator goal facts: 1
Translator mutex groups: 0
Translator total mutex groups size: 0
Translator operators: 2017
Translator axioms: 40
Translator task size: 11998
Translator peak memory: 47392 KB
Writing output... [0.010s CPU, 0.012s wall-clock]
Done! [0.180s CPU, 0.174s wall-clock]
translate exit code: 0

INFO     Running search (release).
INFO     search stdin: output.sas
INFO     search time limit: 200s
INFO     search memory limit: None
INFO     search command line string: /home/jesusmuve/Escritorio/TSI-Practicas/Practica_3/fast-downward-24.06.1/builds/release/bin/downward --search --if-unit-cost 'let(hlm,landmark_sum(lm_reasonable_orders_hps(lm_rhw()),pref=true),let(hff,ff(),iterated([lazy_greedy([hff,hlm],preferred=[hff,hlm]),lazy_wastar([hff,hlm],preferred=[hff,hlm],w=5),lazy_wastar([hff,hlm],preferred=[hff,hlm],w=3),lazy_wastar([hff,hlm],preferred=[hff,hlm],w=2),lazy_wastar([hff,hlm],preferred=[hff,hlm],w=1)],repeat_last=true,continue_on_fail=true)))' --if-non-unit-cost 'let(hlm1,landmark_sum(lm_reasonable_orders_hps(lm_rhw()),transform=adapt_costs(one),pref=true),let(hff1,ff(transform=adapt_costs(one)),let(hlm2,landmark_sum(lm_reasonable_orders_hps(lm_rhw()),transform=adapt_costs(plusone),pref=true),let(hff2,ff(transform=adapt_costs(plusone)),iterated([lazy_greedy([hff1,hlm1],preferred=[hff1,hlm1],cost_type=one,reopen_closed=false),lazy_greedy([hff2,hlm2],preferred=[hff2,hlm2],reopen_closed=false),lazy_wastar([hff2,hlm2],preferred=[hff2,hlm2],w=5),lazy_wastar([hff2,hlm2],preferred=[hff2,hlm2],w=3),lazy_wastar([hff2,hlm2],preferred=[hff2,hlm2],w=2),lazy_wastar([hff2,hlm2],preferred=[hff2,hlm2],w=1)],repeat_last=true,continue_on_fail=true)))))' --always --internal-plan-file Ejercicios/output_4.sas < output.sas
[t=0.000000s, 10804 KB] reading input...
[t=0.005999s, 11384 KB] done reading input!
[t=0.007000s, 11780 KB] Initializing landmark sum heuristic...
[t=0.007000s, 11780 KB] Generating landmark graph...
[t=0.008003s, 11780 KB] Building a landmark graph with reasonable orders.
[t=0.008003s, 11780 KB] Initializing Exploration...
[t=0.008003s, 11932 KB] Generating landmarks using the RPG/SAS+ approach
[t=0.012977s, 12064 KB] Landmarks generation time: 0.004974s
[t=0.012977s, 12064 KB] Discovered 27 landmarks, of which 3 are disjunctive and 0 are conjunctive.
[t=0.012977s, 12064 KB] 47 edges
[t=0.012977s, 12064 KB] approx. reasonable orders
[t=0.012977s, 12064 KB] Landmarks generation time: 0.005977s
[t=0.012977s, 12064 KB] Discovered 27 landmarks, of which 3 are disjunctive and 0 are conjunctive.
[t=0.012977s, 12064 KB] 47 edges
[t=0.012977s, 12064 KB] Landmark graph generation time: 0.005977s
[t=0.012977s, 12064 KB] Landmark graph contains 27 landmarks, of which 3 are disjunctive and 0 are conjunctive.
[t=0.012977s, 12064 KB] Landmark graph contains 47 orderings.
[t=0.013982s, 12196 KB] Simplifying 3165 unary operators... done! [2147 unary operators]
[t=0.015928s, 12328 KB] time to simplify: 0.001946s
[t=0.015928s, 12328 KB] Initializing additive heuristic...
[t=0.015928s, 12328 KB] Initializing FF heuristic...
[t=0.015928s, 12328 KB] Building successor generator...done!
[t=0.016948s, 12328 KB] peak memory difference for successor generator creation: 0 KB
[t=0.016948s, 12328 KB] time for successor generation creation: 0.001019s
[t=0.016948s, 12328 KB] Variables: 117
[t=0.016948s, 12328 KB] FactPairs: 510
[t=0.016948s, 12328 KB] Bytes per state: 24
[t=0.016948s, 12328 KB] Building successor generator...done!
[t=0.016948s, 12328 KB] peak memory difference for successor generator creation: 0 KB
[t=0.016948s, 12328 KB] time for successor generation creation: 0.000000s
[t=0.016948s, 12328 KB] Variables: 117
[t=0.016948s, 12328 KB] FactPairs: 510
[t=0.016948s, 12328 KB] Bytes per state: 24
[t=0.016948s, 12328 KB] Starting search: lazy_greedy
[t=0.016948s, 12328 KB] Conducting lazy best first search, (real) bound = 2147483647
[t=0.016948s, 12328 KB] New best heuristic value for landmark_sum_heuristic: 14
[t=0.016948s, 12328 KB] New best heuristic value for ff: 44
[t=0.016948s, 12328 KB] g=0, 1 evaluated, 0 expanded
[t=0.016948s, 12328 KB] Initial heuristic value for landmark_sum_heuristic: 14
[t=0.016948s, 12328 KB] Initial heuristic value for ff: 44
[t=0.016948s, 12328 KB] New best heuristic value for ff: 41
[t=0.016948s, 12328 KB] g=1, 3 evaluated, 2 expanded
[t=0.017934s, 12328 KB] New best heuristic value for landmark_sum_heuristic: 11
[t=0.017934s, 12328 KB] New best heuristic value for ff: 30
[t=0.017934s, 12328 KB] g=2, 6 evaluated, 5 expanded
[t=0.017934s, 12328 KB] New best heuristic value for landmark_sum_heuristic: 10
[t=0.017934s, 12328 KB] New best heuristic value for ff: 29
[t=0.017934s, 12328 KB] g=3, 8 evaluated, 7 expanded
[t=0.017934s, 12328 KB] New best heuristic value for ff: 27
[t=0.017934s, 12328 KB] g=4, 13 evaluated, 12 expanded
[t=0.018925s, 12328 KB] New best heuristic value for landmark_sum_heuristic: 9
[t=0.018925s, 12328 KB] New best heuristic value for ff: 26
[t=0.018925s, 12328 KB] g=5, 22 evaluated, 21 expanded
[t=0.018925s, 12328 KB] New best heuristic value for ff: 25
[t=0.018925s, 12328 KB] g=6, 27 evaluated, 26 expanded
[t=0.018925s, 12328 KB] New best heuristic value for ff: 24
[t=0.018925s, 12328 KB] g=7, 36 evaluated, 35 expanded
[t=0.018925s, 12328 KB] New best heuristic value for landmark_sum_heuristic: 8
[t=0.018925s, 12328 KB] g=7, 43 evaluated, 42 expanded
[t=0.019925s, 12328 KB] New best heuristic value for ff: 23
[t=0.019925s, 12328 KB] g=8, 44 evaluated, 43 expanded
[t=0.019925s, 12328 KB] New best heuristic value for ff: 22
[t=0.019925s, 12328 KB] g=9, 54 evaluated, 53 expanded
[t=0.020925s, 12328 KB] New best heuristic value for ff: 21
[t=0.020925s, 12328 KB] g=11, 74 evaluated, 73 expanded
[t=0.020925s, 12328 KB] New best heuristic value for ff: 20
[t=0.020925s, 12328 KB] g=13, 90 evaluated, 89 expanded
[t=0.021925s, 12328 KB] New best heuristic value for ff: 19
[t=0.021925s, 12328 KB] g=14, 94 evaluated, 93 expanded
[t=0.021925s, 12328 KB] New best heuristic value for ff: 18
[t=0.021925s, 12328 KB] g=15, 98 evaluated, 97 expanded
[t=0.021925s, 12328 KB] New best heuristic value for ff: 17
[t=0.021925s, 12328 KB] g=16, 101 evaluated, 100 expanded
[t=0.021925s, 12328 KB] New best heuristic value for landmark_sum_heuristic: 7
[t=0.021925s, 12328 KB] New best heuristic value for ff: 16
[t=0.021925s, 12328 KB] g=17, 105 evaluated, 104 expanded
[t=0.022925s, 12328 KB] New best heuristic value for ff: 15
[t=0.022925s, 12328 KB] g=23, 128 evaluated, 127 expanded
[t=0.022925s, 12328 KB] New best heuristic value for ff: 14
[t=0.022925s, 12328 KB] g=24, 130 evaluated, 129 expanded
[t=0.022925s, 12328 KB] New best heuristic value for ff: 13
[t=0.022925s, 12328 KB] g=25, 132 evaluated, 131 expanded
[t=0.022925s, 12328 KB] New best heuristic value for landmark_sum_heuristic: 6
[t=0.022925s, 12328 KB] New best heuristic value for ff: 12
[t=0.022925s, 12328 KB] g=26, 134 evaluated, 133 expanded
[t=0.022925s, 12328 KB] New best heuristic value for landmark_sum_heuristic: 5
[t=0.022925s, 12328 KB] New best heuristic value for ff: 11
[t=0.022925s, 12328 KB] g=27, 136 evaluated, 135 expanded
[t=0.023925s, 12328 KB] New best heuristic value for ff: 10
[t=0.023925s, 12328 KB] g=35, 144 evaluated, 143 expanded
[t=0.023925s, 12328 KB] New best heuristic value for landmark_sum_heuristic: 4
[t=0.023925s, 12328 KB] New best heuristic value for ff: 9
[t=0.023925s, 12328 KB] g=36, 145 evaluated, 144 expanded
[t=0.023925s, 12328 KB] New best heuristic value for ff: 8
[t=0.023925s, 12328 KB] g=37, 146 evaluated, 145 expanded
[t=0.023925s, 12328 KB] New best heuristic value for ff: 7
[t=0.023925s, 12328 KB] g=38, 147 evaluated, 146 expanded
[t=0.023925s, 12328 KB] New best heuristic value for landmark_sum_heuristic: 3
[t=0.023925s, 12328 KB] g=37, 148 evaluated, 147 expanded
[t=0.023925s, 12328 KB] New best heuristic value for ff: 6
[t=0.023925s, 12328 KB] g=39, 149 evaluated, 148 expanded
[t=0.023925s, 12328 KB] New best heuristic value for ff: 5
[t=0.023925s, 12328 KB] g=40, 151 evaluated, 150 expanded
[t=0.023925s, 12328 KB] New best heuristic value for landmark_sum_heuristic: 2
[t=0.023925s, 12328 KB] g=38, 152 evaluated, 151 expanded
[t=0.023925s, 12328 KB] New best heuristic value for ff: 4
[t=0.024925s, 12328 KB] g=41, 153 evaluated, 152 expanded
[t=0.024925s, 12328 KB] New best heuristic value for ff: 3
[t=0.024925s, 12328 KB] g=42, 155 evaluated, 154 expanded
[t=0.024925s, 12328 KB] New best heuristic value for ff: 2
[t=0.024925s, 12328 KB] g=43, 157 evaluated, 156 expanded
[t=0.024925s, 12328 KB] New best heuristic value for ff: 1
[t=0.024925s, 12328 KB] g=44, 159 evaluated, 158 expanded
[t=0.024925s, 12328 KB] Solution found!
[t=0.024925s, 12328 KB] Actual search time: 0.007978s
viajar hobbit4 bree rivendell (1)
formarcomunidad hobbit4 mago1 rivendell (1)
recogerobjeto hobbit4 rivendell anillo (1)
viajar orco3 moria lothlorien (1)
extraerrecurso orco3 lothlorien madera (1)
viajar enano1 fangorn amonhen (1)
viajar enano1 amonhen lothlorien (1)
viajar enano1 lothlorien moria (1)
extraerrecurso enano1 moria mithril (1)
viajar corsario2 dolamroth tolfolas (1)
extraerrecurso corsario2 tolfolas especia (1)
viajar corsario1 dolamroth tolfolas (1)
recogerespecia corsario1 tolfolas (1)
viajar corsario1 tolfolas minastirith (1)
viajar corsario1 minastirith edoras (1)
viajar corsario1 edoras helmsdeep (1)
viajar corsario1 helmsdeep isengard (1)
viajarcomunidad hobbit4 mago1 rivendell moria (1)
materializarchaleco mago1 moria (1)
recogerobjeto hobbit4 moria chalecomithril (1)
viajarcomunidad hobbit4 mago1 moria lothlorien (1)
recogerobjeto hobbit4 lothlorien espada (1)
viajarcomunidad hobbit4 mago1 lothlorien amonhen (1)
viajarcomunidad hobbit4 mago1 amonhen deadmarshes (1)
viajarcomunidad hobbit4 mago1 deadmarshes minasmorgul (1)
viajarcomunidad hobbit4 mago1 minasmorgul orodruin (1)
destruiranillo hobbit4 orodruin (1)
viajar humano2 bree tharbad (1)
viajar humano2 tharbad helmsdeep (1)
viajar humano2 helmsdeep isengard (1)
viajar humano2 isengard fangorn (1)
viajar humano2 fangorn amonhen (1)
viajar humano2 amonhen lothlorien (1)
viajar humano2 lothlorien moria (1)
construir humano2 extractor moria (1)
extraerrecurso orco2 moria mineral (1)
viajar humano2 moria lothlorien (1)
viajar humano2 lothlorien amonhen (1)
viajar humano2 amonhen fangorn (1)
viajar humano2 fangorn isengard (1)
viajar humano2 isengard helmsdeep (1)
viajar humano2 helmsdeep tharbad (1)
viajar humano2 tharbad bree (1)
construir mago2 torrehechiceria isengard (1)
crearurukhai mago2 isengard (1)
[t=0.024925s, 12328 KB] Plan length: 45 step(s).
[t=0.024925s, 12328 KB] Plan cost: 45
[t=0.024925s, 12328 KB] Expanded 160 state(s).
[t=0.024925s, 12328 KB] Reopened 0 state(s).
[t=0.024925s, 12328 KB] Evaluated 161 state(s).
[t=0.024925s, 12328 KB] Evaluations: 322
[t=0.024925s, 12328 KB] Generated 4570 state(s).
[t=0.024925s, 12328 KB] Dead ends: 0 state(s).
[t=0.024925s, 12328 KB] Number of registered states: 161
[t=0.024925s, 12328 KB] Int hash set load factor: 161/256 = 0.628906
[t=0.024925s, 12328 KB] Int hash set resizes: 8
[t=0.024925s, 12328 KB] Best solution cost so far: 45
[t=0.024925s, 12328 KB] Solution found - keep searching
[t=0.024925s, 12328 KB] Building successor generator...done!
[t=0.024925s, 12328 KB] peak memory difference for successor generator creation: 0 KB
[t=0.024925s, 12328 KB] time for successor generation creation: 0.000000s
[t=0.024925s, 12328 KB] Variables: 117
[t=0.024925s, 12328 KB] FactPairs: 510
[t=0.024925s, 12328 KB] Bytes per state: 24
[t=0.025925s, 12328 KB] Starting search: lazy_wastar
[t=0.025925s, 12328 KB] Conducting lazy best first search, (real) bound = 45
[t=0.025925s, 12328 KB] New best heuristic value for landmark_sum_heuristic: 14
[t=0.025925s, 12328 KB] New best heuristic value for ff: 44
[t=0.025925s, 12328 KB] g=0, 1 evaluated, 0 expanded
[t=0.025925s, 12328 KB] Initial heuristic value for landmark_sum_heuristic: 14
[t=0.025925s, 12328 KB] Initial heuristic value for ff: 44
[t=0.025925s, 12328 KB] New best heuristic value for ff: 41
[t=0.025925s, 12328 KB] g=1, 3 evaluated, 2 expanded
[t=0.025925s, 12328 KB] New best heuristic value for landmark_sum_heuristic: 11
[t=0.025925s, 12328 KB] New best heuristic value for ff: 30
[t=0.025925s, 12328 KB] g=2, 6 evaluated, 5 expanded
[t=0.025925s, 12328 KB] New best heuristic value for landmark_sum_heuristic: 10
[t=0.025925s, 12328 KB] New best heuristic value for ff: 29
[t=0.025925s, 12328 KB] g=3, 8 evaluated, 7 expanded
[t=0.026926s, 12328 KB] New best heuristic value for ff: 27
[t=0.026926s, 12328 KB] g=4, 13 evaluated, 12 expanded
[t=0.026926s, 12328 KB] New best heuristic value for landmark_sum_heuristic: 9
[t=0.026926s, 12328 KB] New best heuristic value for ff: 26
[t=0.026926s, 12328 KB] g=5, 22 evaluated, 21 expanded
[t=0.026926s, 12328 KB] New best heuristic value for ff: 25
[t=0.026926s, 12328 KB] g=6, 27 evaluated, 26 expanded
[t=0.027925s, 12328 KB] New best heuristic value for ff: 24
[t=0.027925s, 12328 KB] g=7, 36 evaluated, 35 expanded
[t=0.027925s, 12328 KB] New best heuristic value for landmark_sum_heuristic: 8
[t=0.027925s, 12328 KB] g=7, 43 evaluated, 42 expanded
[t=0.027925s, 12328 KB] New best heuristic value for ff: 23
[t=0.027925s, 12328 KB] g=8, 44 evaluated, 43 expanded
[t=0.028929s, 12328 KB] New best heuristic value for ff: 22
[t=0.028929s, 12328 KB] g=9, 54 evaluated, 53 expanded
[t=0.029922s, 12328 KB] New best heuristic value for ff: 21
[t=0.029922s, 12328 KB] g=11, 74 evaluated, 73 expanded
[t=0.030922s, 12328 KB] New best heuristic value for ff: 20
[t=0.030922s, 12328 KB] g=13, 90 evaluated, 89 expanded
[t=0.030922s, 12328 KB] New best heuristic value for ff: 19
[t=0.030922s, 12328 KB] g=14, 94 evaluated, 93 expanded
[t=0.030922s, 12328 KB] New best heuristic value for ff: 18
[t=0.030922s, 12328 KB] g=15, 98 evaluated, 97 expanded
[t=0.030922s, 12328 KB] New best heuristic value for ff: 17
[t=0.030922s, 12328 KB] g=16, 101 evaluated, 100 expanded
[t=0.030922s, 12328 KB] New best heuristic value for landmark_sum_heuristic: 7
[t=0.030922s, 12328 KB] New best heuristic value for ff: 16
[t=0.030922s, 12328 KB] g=17, 105 evaluated, 104 expanded
[t=0.033927s, 12460 KB] New best heuristic value for ff: 15
[t=0.033927s, 12460 KB] g=23, 171 evaluated, 170 expanded
[t=0.033927s, 12460 KB] New best heuristic value for ff: 14
[t=0.034922s, 12460 KB] g=24, 172 evaluated, 171 expanded
[t=0.034922s, 12460 KB] New best heuristic value for ff: 13
[t=0.034922s, 12460 KB] g=25, 173 evaluated, 172 expanded
[t=0.034922s, 12460 KB] New best heuristic value for landmark_sum_heuristic: 6
[t=0.034922s, 12460 KB] New best heuristic value for ff: 12
[t=0.034922s, 12460 KB] g=26, 174 evaluated, 173 expanded
[t=0.034922s, 12460 KB] New best heuristic value for landmark_sum_heuristic: 5
[t=0.034922s, 12460 KB] New best heuristic value for ff: 11
[t=0.034922s, 12460 KB] g=27, 178 evaluated, 177 expanded
[t=0.035922s, 12460 KB] New best heuristic value for ff: 10
[t=0.035922s, 12460 KB] g=35, 199 evaluated, 198 expanded
[t=0.035922s, 12460 KB] New best heuristic value for landmark_sum_heuristic: 4
[t=0.035922s, 12460 KB] New best heuristic value for ff: 9
[t=0.035922s, 12460 KB] g=36, 201 evaluated, 200 expanded
[t=0.035922s, 12460 KB] New best heuristic value for ff: 8
[t=0.035922s, 12460 KB] g=37, 203 evaluated, 202 expanded
[t=0.035922s, 12460 KB] New best heuristic value for ff: 7
[t=0.035922s, 12460 KB] g=38, 204 evaluated, 203 expanded
[t=0.035922s, 12460 KB] New best heuristic value for ff: 6
[t=0.035922s, 12460 KB] g=39, 205 evaluated, 204 expanded
[t=0.035922s, 12460 KB] New best heuristic value for ff: 5
[t=0.035922s, 12460 KB] g=40, 206 evaluated, 205 expanded
[t=0.035922s, 12460 KB] New best heuristic value for ff: 4
[t=0.035922s, 12460 KB] g=41, 208 evaluated, 207 expanded
[t=0.036922s, 12460 KB] New best heuristic value for ff: 3
[t=0.036922s, 12460 KB] g=42, 210 evaluated, 209 expanded
[t=0.036922s, 12460 KB] New best heuristic value for landmark_sum_heuristic: 3
[t=0.036922s, 12460 KB] New best heuristic value for ff: 2
[t=0.036922s, 12460 KB] g=43, 211 evaluated, 210 expanded
[t=0.036922s, 12460 KB] New best heuristic value for landmark_sum_heuristic: 2
[t=0.036922s, 12460 KB] New best heuristic value for ff: 1
[t=0.036922s, 12460 KB] g=44, 213 evaluated, 212 expanded
Peak memory: 2021160 KB
caught signal 24 -- exiting
Time limit has been reached.
Remove intermediate file output.sas
search exit code: 23

Driver aborting after search
INFO     Planner time: 200.22s
