INFO     planner time limit: None
INFO     planner memory limit: None

INFO     Running translator.
INFO     translator stdin: None
INFO     translator time limit: None
INFO     translator memory limit: None
INFO     translator command line string: /usr/bin/python3 /home/jesusmuve/Escritorio/TSI-Practicas/Practica_3/fast-downward-24.06.1/builds/release/bin/translate/translate.py Ejercicios/dominio3c.pddl Ejercicios/problema3c.pddl --sas-file output.sas
Parsing...
Parsing: [0.010s CPU, 0.005s wall-clock]
Normalizing task... [0.000s CPU, 0.000s wall-clock]
Instantiating...
Generating Datalog program... [0.000s CPU, 0.002s wall-clock]
Normalizing Datalog program...
Normalizing Datalog program: [0.000s CPU, 0.005s wall-clock]
Preparing model... [0.000s CPU, 0.002s wall-clock]
Generated 147 rules.
Computing model... [0.030s CPU, 0.024s wall-clock]
1946 relevant atoms
2961 auxiliary atoms
4907 final queue length
6932 total queue pushes
Completing instantiation... [0.050s CPU, 0.041s wall-clock]
Instantiating: [0.080s CPU, 0.075s wall-clock]
Computing fact groups...
Finding invariants...
27 initial candidates
Finding invariants: [0.000s CPU, 0.004s wall-clock]
Checking invariant weight... [0.000s CPU, 0.001s wall-clock]
Instantiating groups... [0.000s CPU, 0.001s wall-clock]
Collecting mutex groups... [0.000s CPU, 0.000s wall-clock]
Choosing groups...
121 uncovered facts
Choosing groups: [0.000s CPU, 0.001s wall-clock]
Building translation key... [0.000s CPU, 0.000s wall-clock]
Computing fact groups: [0.000s CPU, 0.008s wall-clock]
Building STRIPS to SAS dictionary... [0.000s CPU, 0.000s wall-clock]
Building dictionary for full mutex groups... [0.010s CPU, 0.000s wall-clock]
Building mutex information...
Building mutex information: [0.000s CPU, 0.000s wall-clock]
Translating task...
Processing axioms...
Simplifying axioms... [0.000s CPU, 0.000s wall-clock]
Translator axioms removed by simplifying: 0
Processing axioms: [0.000s CPU, 0.003s wall-clock]
Translating task: [0.050s CPU, 0.052s wall-clock]
528 effect conditions simplified
0 implied preconditions added
Detecting unreachable propositions...
6 operators removed
0 axioms removed
111 propositions removed
Detecting unreachable propositions: [0.020s CPU, 0.027s wall-clock]
Reordering and filtering variables...
61 of 79 variables necessary.
0 of 18 mutex groups necessary.
1404 of 1404 operators necessary.
0 of 0 axiom rules necessary.
Reordering and filtering variables: [0.010s CPU, 0.009s wall-clock]
Translator variables: 61
Translator derived variables: 0
Translator facts: 290
Translator goal facts: 1
Translator mutex groups: 0
Translator total mutex groups size: 0
Translator operators: 1404
Translator axioms: 0
Translator task size: 11128
Translator peak memory: 46324 KB
Writing output... [0.010s CPU, 0.016s wall-clock]
Done! [0.200s CPU, 0.199s wall-clock]
translate exit code: 0

INFO     Running search (release).
INFO     search stdin: output.sas
INFO     search time limit: None
INFO     search memory limit: None
INFO     search command line string: /home/jesusmuve/Escritorio/TSI-Practicas/Practica_3/fast-downward-24.06.1/builds/release/bin/downward --search 'astar(lmcut())' --internal-plan-file Ejercicios/output_3c.sas < output.sas
[t=0.000176s, 10804 KB] reading input...
[t=0.007343s, 11192 KB] done reading input!
[t=0.009183s, 11956 KB] Initializing landmark cut heuristic...
[t=0.009260s, 11956 KB] Building successor generator...done!
[t=0.009930s, 12068 KB] peak memory difference for successor generator creation: 112 KB
[t=0.010008s, 12068 KB] time for successor generation creation: 0.000556s
[t=0.010073s, 12068 KB] Variables: 61
[t=0.010098s, 12068 KB] FactPairs: 290
[t=0.010141s, 12068 KB] Bytes per state: 16
[t=0.010207s, 12068 KB] Conducting best first search with reopening closed nodes, (real) bound = 2147483647
[t=0.010734s, 12068 KB] New best heuristic value for lmcut: 16
[t=0.010756s, 12068 KB] g=0, 1 evaluated, 0 expanded
[t=0.010798s, 12068 KB] f = 16, 1 evaluated, 0 expanded
[t=0.010823s, 12068 KB] Initial heuristic value for lmcut: 16
[t=0.010864s, 12068 KB] pruning method: none
[t=0.011902s, 12068 KB] New best heuristic value for lmcut: 15
[t=0.011939s, 12068 KB] g=1, 3 evaluated, 1 expanded
[t=0.027527s, 12068 KB] New best heuristic value for lmcut: 14
[t=0.027596s, 12068 KB] g=2, 39 evaluated, 2 expanded
[t=0.096469s, 12068 KB] f = 17, 211 evaluated, 10 expanded
[t=0.109593s, 12068 KB] New best heuristic value for lmcut: 13
[t=0.109633s, 12068 KB] g=4, 246 evaluated, 12 expanded
[t=0.111017s, 12068 KB] New best heuristic value for lmcut: 12
[t=0.111057s, 12068 KB] g=5, 250 evaluated, 13 expanded
[t=0.117881s, 12068 KB] New best heuristic value for lmcut: 11
[t=0.117938s, 12068 KB] g=6, 271 evaluated, 14 expanded
[t=0.120060s, 12068 KB] New best heuristic value for lmcut: 10
[t=0.120150s, 12068 KB] g=7, 285 evaluated, 15 expanded
[t=0.122045s, 12068 KB] New best heuristic value for lmcut: 9
[t=0.122080s, 12068 KB] g=8, 298 evaluated, 16 expanded
[t=0.123962s, 12068 KB] New best heuristic value for lmcut: 8
[t=0.123989s, 12068 KB] g=9, 320 evaluated, 17 expanded
[t=0.124380s, 12068 KB] New best heuristic value for lmcut: 7
[t=0.124401s, 12068 KB] g=10, 324 evaluated, 18 expanded
[t=0.125268s, 12068 KB] New best heuristic value for lmcut: 6
[t=0.125291s, 12068 KB] g=11, 335 evaluated, 19 expanded
[t=0.126085s, 12068 KB] New best heuristic value for lmcut: 5
[t=0.126107s, 12068 KB] g=12, 347 evaluated, 20 expanded
[t=0.126811s, 12068 KB] New best heuristic value for lmcut: 4
[t=0.126835s, 12068 KB] g=13, 358 evaluated, 21 expanded
[t=0.127527s, 12068 KB] New best heuristic value for lmcut: 3
[t=0.127547s, 12068 KB] g=14, 370 evaluated, 22 expanded
[t=0.128213s, 12068 KB] New best heuristic value for lmcut: 2
[t=0.128240s, 12068 KB] g=15, 382 evaluated, 23 expanded
[t=0.128726s, 12068 KB] New best heuristic value for lmcut: 1
[t=0.128746s, 12068 KB] g=16, 394 evaluated, 24 expanded
[t=0.129330s, 12068 KB] New best heuristic value for lmcut: 0
[t=0.129353s, 12068 KB] g=17, 413 evaluated, 25 expanded
[t=0.129486s, 12068 KB] Solution found!
[t=0.129514s, 12068 KB] Actual search time: 0.118631s
viajar hobbit2 hobbiton bree (1)
extraerrecurso enano1 moria mithril (1)
viajar hobbit3 hobbiton bree (1)
viajar mago1 rivendell bree (1)
formarcomunidad hobbit2 hobbit3 hobbit4 mago1 bree (1)
viajarcomunidad hobbit2 hobbit3 hobbit4 mago1 bree rivendell (1)
recogerobjeto hobbit2 rivendell anillo (1)
viajarcomunidad hobbit2 hobbit3 hobbit4 mago1 rivendell moria (1)
materializarchaleco mago1 moria (1)
recogerobjeto hobbit2 moria chalecomithril (1)
viajarcomunidad hobbit2 hobbit3 hobbit4 mago1 moria lothlorien (1)
recogerobjeto hobbit2 lothlorien espada (1)
viajarcomunidad hobbit2 hobbit3 hobbit4 mago1 lothlorien amonhen (1)
viajarcomunidad hobbit2 hobbit3 hobbit4 mago1 amonhen deadmarshes (1)
viajarcomunidad hobbit2 hobbit3 hobbit4 mago1 deadmarshes minasmorgul (1)
viajarcomunidad hobbit2 hobbit3 hobbit4 mago1 minasmorgul orodruin (1)
destruiranillo hobbit2 orodruin (1)
[t=0.129537s, 12068 KB] Plan length: 17 step(s).
[t=0.129537s, 12068 KB] Plan cost: 17
[t=0.129537s, 12068 KB] Expanded 26 state(s).
[t=0.129537s, 12068 KB] Reopened 0 state(s).
[t=0.129537s, 12068 KB] Evaluated 415 state(s).
[t=0.129537s, 12068 KB] Evaluations: 415
[t=0.129537s, 12068 KB] Generated 716 state(s).
[t=0.129537s, 12068 KB] Dead ends: 0 state(s).
[t=0.129537s, 12068 KB] Expanded until last jump: 10 state(s).
[t=0.129537s, 12068 KB] Reopened until last jump: 0 state(s).
[t=0.129537s, 12068 KB] Evaluated until last jump: 211 state(s).
[t=0.129537s, 12068 KB] Generated until last jump: 436 state(s).
[t=0.129537s, 12068 KB] Number of registered states: 415
[t=0.129537s, 12068 KB] Int hash set load factor: 415/512 = 0.810547
[t=0.129537s, 12068 KB] Int hash set resizes: 9
[t=0.129537s, 12068 KB] Search time: 0.119331s
[t=0.129537s, 12068 KB] Total time: 0.129537s
Solution found.
Peak memory: 12068 KB
Remove intermediate file output.sas
search exit code: 0

INFO     Planner time: 0.45s
