This is pdfTeX, Version 3.141592653-2.6-1.40.28 (TeX Live 2025/Debian) (preloaded format=pdflatex 2026.10.5)  6 OCT 2026 13:27
entering extended mode
 \write18 enabled.
 file:line:error style messages enabled.
 %&-line parsing enabled.
**/home/jesusmuve/Escritorio/Apuntes/documents/5-quinto/primer_cuatrimestre/geometria_global/losDelDGIIM/Temario_GeoGlobal.tex
(/home/jesusmuve/Escritorio/Apuntes/documents/5-quinto/primer_cuatrimestre/geometria_global/losDelDGIIM/Temario_GeoGlobal.tex
LaTeX2e <2025-11-01>
L3 programming layer <2026-01-19>
(/usr/share/texlive/texmf-dist/tex/latex/base/book.cls
Document Class: book 2025/01/22 v1.4n Standard LaTeX document class
(/usr/share/texlive/texmf-dist/tex/latex/base/bk12.clo
File: bk12.clo 2025/01/22 v1.4n Standard LaTeX file (size option)
)
\c@part=\count275
\c@chapter=\count276
\c@section=\count277
\c@subsection=\count278
\c@subsubsection=\count279
\c@paragraph=\count280
\c@subparagraph=\count281
\c@figure=\count282
\c@table=\count283
\abovecaptionskip=\skip49
\belowcaptionskip=\skip50
\bibindent=\dimen148
)

! LaTeX Error: File `../../_assets/preambulo.tex' not found.

Type X to quit or <RETURN> to proceed,
or enter new name. (Default extension: tex)

Enter file name: 
/home/jesusmuve/Escritorio/Apuntes/documents/5-quinto/primer_cuatrimestre/geometria_global/losDelDGIIM/Temario_GeoGlobal.tex:3: Emergency stop.
<read *> 
         
l.3 \input{../../_assets/preambulo.tex}
                                       ^^M
*** (cannot \read from terminal in nonstop modes)

 
Here is how much of TeX's memory you used:
 265 strings out of 467533
 3489 string characters out of 5422138
 433756 words of memory out of 5000000
 29264 multiletter control sequences out of 15000+600000
 628019 words of font info for 41 fonts, out of 8000000 for 9000
 1141 hyphenation exceptions out of 8191
 35i,0n,38p,235b,36s stack positions out of 10000i,1000n,20000p,200000b,200000s
/home/jesusmuve/Escritorio/Apuntes/documents/5-quinto/primer_cuatrimestre/geometria_global/losDelDGIIM/Temario_GeoGlobal.tex:3:  ==> Fatal error occurred, no output PDF file produced!
